[ 2026-08-25 10:56:11.234 ] [ INFO ] Created recovery manifest containing 110 runs.
[ 2026-08-25 10:56:11.251 ] [ INFO ] Recovery state: Total=110, Submitted=0, Uncertain=0
[ 2026-08-25 10:56:23.296 ] [ INFO ] Using trigger 'When_a_new_email_arrives_in_a_shared_mailbox_(V2)'.
[ 2026-08-25 10:56:23.329 ] [ INFO ] Resubmitting 08584139354225683430076158759CU31. Attempt 1.
[ 2026-08-25 10:56:27.850 ] [ INFO ] Submitted 08584139354225683430076158759CU31 successfully. HTTP 202.
[ 2026-08-25 10:56:28.870 ] [ INFO ] Resubmitting 08584139359237347151502432654CU25. Attempt 1.
[ 2026-08-25 10:56:33.484 ] [ INFO ] Submitted 08584139359237347151502432654CU25 successfully. HTTP 202.
[ 2026-08-25 10:56:34.514 ] [ INFO ] Resubmitting 08584139359998321645326308692CU10. Attempt 1.
[ 2026-08-25 10:56:38.950 ] [ INFO ] Submitted 08584139359998321645326308692CU10 successfully. HTTP 202.
[ 2026-08-25 10:56:39.980 ] [ INFO ] Resubmitting 08584139359998321647326308692CU22. Attempt 1.
[ 2026-08-25 10:56:44.524 ] [ INFO ] Submitted 08584139359998321647326308692CU22 successfully. HTTP 202.
[ 2026-08-25 10:56:45.555 ] [ INFO ] Resubmitting 08584139362130937565579091372CU00. Attempt 1.
[ 2026-08-25 10:56:49.993 ] [ INFO ] Submitted 08584139362130937565579091372CU00 successfully. HTTP 202.
[ 2026-08-25 10:56:50.999 ] [ INFO ] MaxRuns limit of 5 reached.
[ 2026-08-25 10:56:51.011 ] [ INFO ] Recovery pass complete. Submitted=5 Failed=0 Uncertain=0 Pending=105
[ 2026-08-25 11:01:05.930 ] [ INFO ] Existing manifest found containing 110 runs. Resuming recovery.
[ 2026-08-25 11:01:05.939 ] [ INFO ] Recovery state: Total=110, Submitted=5, Uncertain=0
[ 2026-08-25 11:01:10.237 ] [ INFO ] Using trigger 'When_a_new_email_arrives_in_a_shared_mailbox_(V2)'.
[ 2026-08-25 11:01:10.256 ] [ INFO ] Resubmitting 08584139366236362095022376379CU09. Attempt 1.
[ 2026-08-25 11:01:15.237 ] [ INFO ] Submitted 08584139366236362095022376379CU09 successfully. HTTP 202.
[ 2026-08-25 11:01:16.266 ] [ INFO ] Resubmitting 08584139370196572054385523345CU02. Attempt 1.
[ 2026-08-25 11:01:21.074 ] [ INFO ] Submitted 08584139370196572054385523345CU02 successfully. HTTP 202.
[ 2026-08-25 11:01:22.105 ] [ INFO ] Resubmitting 08584139373081016166660423362CU25. Attempt 1.
[ 2026-08-25 11:01:26.535 ] [ INFO ] Submitted 08584139373081016166660423362CU25 successfully. HTTP 202.
[ 2026-08-25 11:01:27.574 ] [ INFO ] Resubmitting 08584139373840000454648940462CU13. Attempt 1.
[ 2026-08-25 11:01:32.504 ] [ INFO ] Submitted 08584139373840000454648940462CU13 successfully. HTTP 202.
[ 2026-08-25 11:01:33.542 ] [ INFO ] Resubmitting 08584139380053270162574183905CU23. Attempt 1.
[ 2026-08-25 11:01:38.043 ] [ INFO ] Submitted 08584139380053270162574183905CU23 successfully. HTTP 202.
[ 2026-08-25 11:01:39.068 ] [ INFO ] Resubmitting 08584139380053270163574183905CU13. Attempt 1.
[ 2026-08-25 11:01:43.789 ] [ INFO ] Submitted 08584139380053270163574183905CU13 successfully. HTTP 202.
[ 2026-08-25 11:01:44.822 ] [ INFO ] Resubmitting 08584139380664101318128543169CU15. Attempt 1.
[ 2026-08-25 11:01:49.238 ] [ INFO ] Submitted 08584139380664101318128543169CU15 successfully. HTTP 202.
[ 2026-08-25 11:01:50.258 ] [ INFO ] Resubmitting 08584139385053654194146269117CU03. Attempt 1.
[ 2026-08-25 11:01:55.337 ] [ INFO ] Submitted 08584139385053654194146269117CU03 successfully. HTTP 202.
[ 2026-08-25 11:01:56.362 ] [ INFO ] Resubmitting 08584139385053654196146269117CU07. Attempt 1.
[ 2026-08-25 11:02:00.805 ] [ INFO ] Submitted 08584139385053654196146269117CU07 successfully. HTTP 202.
[ 2026-08-25 11:02:01.819 ] [ INFO ] Resubmitting 08584139403713636722981898818CU15. Attempt 1.
[ 2026-08-25 11:02:06.244 ] [ INFO ] Submitted 08584139403713636722981898818CU15 successfully. HTTP 202.
[ 2026-08-25 11:02:07.273 ] [ INFO ] Resubmitting 08584139405075119789311967448CU00. Attempt 1.
[ 2026-08-25 11:02:11.846 ] [ INFO ] Submitted 08584139405075119789311967448CU00 successfully. HTTP 202.
[ 2026-08-25 11:02:12.875 ] [ INFO ] Resubmitting 08584139407956305417262202659CU09. Attempt 1.
[ 2026-08-25 11:02:17.570 ] [ INFO ] Submitted 08584139407956305417262202659CU09 successfully. HTTP 202.
[ 2026-08-25 11:02:18.585 ] [ INFO ] Resubmitting 08584139407956305418262202659CU07. Attempt 1.
[ 2026-08-25 11:02:23.206 ] [ INFO ] Submitted 08584139407956305418262202659CU07 successfully. HTTP 202.
[ 2026-08-25 11:02:24.233 ] [ INFO ] Resubmitting 08584139407956305419262202659CU06. Attempt 1.
[ 2026-08-25 11:02:28.545 ] [ INFO ] Submitted 08584139407956305419262202659CU06 successfully. HTTP 202.
[ 2026-08-25 11:02:29.564 ] [ INFO ] Resubmitting 08584139407956305420262202659CU04. Attempt 1.
[ 2026-08-25 11:02:34.262 ] [ INFO ] Submitted 08584139407956305420262202659CU04 successfully. HTTP 202.
[ 2026-08-25 11:02:35.291 ] [ INFO ] Resubmitting 08584139408712619133568174905CU03. Attempt 1.
[ 2026-08-25 11:02:39.764 ] [ INFO ] Submitted 08584139408712619133568174905CU03 successfully. HTTP 202.
[ 2026-08-25 11:02:40.790 ] [ INFO ] Resubmitting 08584139415064541633282330805CU24. Attempt 1.
[ 2026-08-25 11:02:45.609 ] [ INFO ] Submitted 08584139415064541633282330805CU24 successfully. HTTP 202.
[ 2026-08-25 11:02:46.627 ] [ INFO ] Resubmitting 08584139418556168670730634082cU14. Attempt 1.
[ 2026-08-25 11:02:52.148 ] [ INFO ] Submitted 08584139418556168670730634082cU14 successfully. HTTP 202.
[ 2026-08-25 11:02:53.185 ] [ INFO ] Resubmitting 08584139418556168672730634082CU04. Attempt 1.
[ 2026-08-25 11:02:57.679 ] [ INFO ] Submitted 08584139418556168672730634082CU04 successfully. HTTP 202.
[ 2026-08-25 11:02:58.705 ] [ INFO ] Resubmitting 08584139423878074119295322797CU22. Attempt 1.
[ 2026-08-25 11:03:03.508 ] [ INFO ] Submitted 08584139423878074119295322797CU22 successfully. HTTP 202.
[ 2026-08-25 11:03:04.535 ] [ INFO ] Resubmitting 08584139424485685416655533697CU01. Attempt 1.
[ 2026-08-25 11:03:09.080 ] [ INFO ] Submitted 08584139424485685416655533697CU01 successfully. HTTP 202.
[ 2026-08-25 11:03:10.099 ] [ INFO ] Resubmitting 08584139424485685417655533697CU30. Attempt 1.
[ 2026-08-25 11:03:14.821 ] [ INFO ] Submitted 08584139424485685417655533697CU30 successfully. HTTP 202.
[ 2026-08-25 11:03:15.847 ] [ INFO ] Resubmitting 08584139784091410713950579391CU06. Attempt 1.
[ 2026-08-25 11:03:20.427 ] [ INFO ] Submitted 08584139784091410713950579391CU06 successfully. HTTP 202.
[ 2026-08-25 11:03:21.443 ] [ INFO ] Resubmitting 08584139861704283412338809188CU15. Attempt 1.
[ 2026-08-25 11:03:25.955 ] [ INFO ] Submitted 08584139861704283412338809188CU15 successfully. HTTP 202.
[ 2026-08-25 11:03:26.970 ] [ INFO ] Resubmitting 08584139884975548735434176753CU07. Attempt 1.
[ 2026-08-25 11:03:31.445 ] [ INFO ] Submitted 08584139884975548735434176753CU07 successfully. HTTP 202.
[ 2026-08-25 11:03:32.471 ] [ INFO ] Resubmitting 08584139903690285416171233041CU30. Attempt 1.
[ 2026-08-25 11:03:36.970 ] [ INFO ] Submitted 08584139903690285416171233041CU30 successfully. HTTP 202.
[ 2026-08-25 11:03:37.992 ] [ INFO ] Resubmitting 08584139904297638357886808983CU16. Attempt 1.
[ 2026-08-25 11:03:42.698 ] [ INFO ] Submitted 08584139904297638357886808983CU16 successfully. HTTP 202.
[ 2026-08-25 11:03:43.722 ] [ INFO ] Resubmitting 08584139940050186540982546874CU03. Attempt 1.
[ 2026-08-25 11:03:48.130 ] [ INFO ] Submitted 08584139940050186540982546874CU03 successfully. HTTP 202.
[ 2026-08-25 11:03:49.155 ] [ INFO ] Resubmitting 08584139942937621007864170810CU21. Attempt 1.
[ 2026-08-25 11:03:53.758 ] [ INFO ] Submitted 08584139942937621007864170810CU21 successfully. HTTP 202.
[ 2026-08-25 11:03:54.774 ] [ INFO ] Resubmitting 08584139979616777360274346106CU17. Attempt 1.
[ 2026-08-25 11:03:59.317 ] [ INFO ] Submitted 08584139979616777360274346106CU17 successfully. HTTP 202.
[ 2026-08-25 11:04:00.362 ] [ INFO ] Resubmitting 08584139992744749673355364658CU02. Attempt 1.
[ 2026-08-25 11:04:05.472 ] [ INFO ] Submitted 08584139992744749673355364658CU02 successfully. HTTP 202.
[ 2026-08-25 11:04:06.506 ] [ INFO ] Resubmitting 08584140002739603151285000369CU11. Attempt 1.
[ 2026-08-25 11:04:11.054 ] [ INFO ] Submitted 08584140002739603151285000369CU11 successfully. HTTP 202.
[ 2026-08-25 11:04:12.081 ] [ INFO ] Resubmitting 08584140004099431416730509178CU07. Attempt 1.
[ 2026-08-25 11:04:17.387 ] [ INFO ] Submitted 08584140004099431416730509178CU07 successfully. HTTP 202.
[ 2026-08-25 11:04:18.426 ] [ INFO ] Resubmitting 08584140004854954785662523874CU11. Attempt 1.
[ 2026-08-25 11:04:23.058 ] [ INFO ] Submitted 08584140004854954785662523874CU11 successfully. HTTP 202.
[ 2026-08-25 11:04:24.078 ] [ INFO ] Resubmitting 08584140016034007615147813337CU16. Attempt 1.
[ 2026-08-25 11:04:35.359 ] [ INFO ] Submitted 08584140016034007615147813337CU16 successfully. HTTP 202.
[ 2026-08-25 11:04:36.380 ] [ INFO ] Resubmitting 08584140016034007616147813337CU03. Attempt 1.
[ 2026-08-25 11:04:41.140 ] [ INFO ] Submitted 08584140016034007616147813337CU03 successfully. HTTP 202.
[ 2026-08-25 11:04:42.169 ] [ INFO ] Resubmitting 08584140024040608699953543291CU30. Attempt 1.
[ 2026-08-25 11:04:46.655 ] [ INFO ] Submitted 08584140024040608699953543291CU30 successfully. HTTP 202.
[ 2026-08-25 11:04:47.674 ] [ INFO ] Resubmitting 08584140044737829244951880510CU19. Attempt 1.
[ 2026-08-25 11:04:54.493 ] [ INFO ] Submitted 08584140044737829244951880510CU19 successfully. HTTP 202.
[ 2026-08-25 11:04:55.513 ] [ INFO ] Resubmitting 08584140056393615303281253308CU12. Attempt 1.
[ 2026-08-25 11:05:02.715 ] [ INFO ] Submitted 08584140056393615303281253308CU12 successfully. HTTP 202.
[ 2026-08-25 11:05:03.735 ] [ INFO ] Resubmitting 08584140058357337733535892329CU13. Attempt 1.
[ 2026-08-25 11:05:08.113 ] [ INFO ] Submitted 08584140058357337733535892329CU13 successfully. HTTP 202.
[ 2026-08-25 11:05:09.157 ] [ INFO ] Resubmitting 08584140059721386234071395827CU29. Attempt 1.
[ 2026-08-25 11:05:13.642 ] [ INFO ] Submitted 08584140059721386234071395827CU29 successfully. HTTP 202.
[ 2026-08-25 11:05:14.672 ] [ INFO ] Resubmitting 08584140063650074006451796977CU18. Attempt 1.
[ 2026-08-25 11:05:19.088 ] [ INFO ] Submitted 08584140063650074006451796977CU18 successfully. HTTP 202.
[ 2026-08-25 11:05:20.105 ] [ INFO ] Resubmitting 08584140077403840894231642590CU27. Attempt 1.
[ 2026-08-25 11:05:24.566 ] [ INFO ] Submitted 08584140077403840894231642590CU27 successfully. HTTP 202.
[ 2026-08-25 11:05:25.593 ] [ INFO ] Resubmitting 08584140080118589157812039213CU12. Attempt 1.
[ 2026-08-25 11:05:30.429 ] [ INFO ] Submitted 08584140080118589157812039213CU12 successfully. HTTP 202.
[ 2026-08-25 11:05:31.457 ] [ INFO ] Resubmitting 08584140080873585406794942877CU05. Attempt 1.
[ 2026-08-25 11:05:36.644 ] [ INFO ] Submitted 08584140080873585406794942877CU05 successfully. HTTP 202.
[ 2026-08-25 11:05:37.661 ] [ INFO ] Resubmitting 08584140090879219490736109162CU28. Attempt 1.
[ 2026-08-25 11:05:42.774 ] [ INFO ] Submitted 08584140090879219490736109162CU28 successfully. HTTP 202.
[ 2026-08-25 11:05:43.791 ] [ INFO ] Resubmitting 08584140101176217106000461416CU30. Attempt 1.
[ 2026-08-25 11:05:48.477 ] [ INFO ] Submitted 08584140101176217106000461416CU30 successfully. HTTP 202.
[ 2026-08-25 11:05:49.501 ] [ INFO ] Resubmitting 08584140111641692293902025573CU04. Attempt 1.
[ 2026-08-25 11:05:53.884 ] [ INFO ] Submitted 08584140111641692293902025573CU04 successfully. HTTP 202.
[ 2026-08-25 11:05:54.902 ] [ INFO ] Resubmitting 08584140133470699637398745549CU23. Attempt 1.
[ 2026-08-25 11:05:59.223 ] [ INFO ] Submitted 08584140133470699637398745549CU23 successfully. HTTP 202.
[ 2026-08-25 11:06:00.246 ] [ INFO ] Resubmitting 08584140139226258483608855836CU03. Attempt 1.
[ 2026-08-25 11:06:04.771 ] [ INFO ] Submitted 08584140139226258483608855836CU03 successfully. HTTP 202.
[ 2026-08-25 11:06:05.796 ] [ INFO ] Resubmitting 08584140152998911968477980819CU24. Attempt 1.
[ 2026-08-25 11:06:10.113 ] [ INFO ] Submitted 08584140152998911968477980819CU24 successfully. HTTP 202.
[ 2026-08-25 11:06:11.135 ] [ INFO ] Resubmitting 08584140156634578184779908366CU17. Attempt 1.
[ 2026-08-25 11:06:15.916 ] [ INFO ] Submitted 08584140156634578184779908366CU17 successfully. HTTP 202.
[ 2026-08-25 11:06:16.941 ] [ INFO ] Resubmitting 08584140165415404714245791203CU29. Attempt 1.
[ 2026-08-25 11:06:21.479 ] [ INFO ] Submitted 08584140165415404714245791203CU29 successfully. HTTP 202.
[ 2026-08-25 11:06:22.499 ] [ INFO ] Resubmitting 08584140166779544119831334438CU07. Attempt 1.
[ 2026-08-25 11:06:26.777 ] [ INFO ] Submitted 08584140166779544119831334438CU07 successfully. HTTP 202.
[ 2026-08-25 11:06:27.801 ] [ INFO ] Resubmitting 08584140169347345556935252800CU30. Attempt 1.
[ 2026-08-25 11:06:32.352 ] [ INFO ] Submitted 08584140169347345556935252800CU30 successfully. HTTP 202.
[ 2026-08-25 11:06:33.374 ] [ INFO ] Resubmitting 08584140175844447233621160431CU23. Attempt 1.
[ 2026-08-25 11:06:37.898 ] [ INFO ] Submitted 08584140175844447233621160431CU23 successfully. HTTP 202.
[ 2026-08-25 11:06:38.917 ] [ INFO ] Resubmitting 08584140179483529831727785732CU16. Attempt 1.
[ 2026-08-25 11:06:43.730 ] [ INFO ] Submitted 08584140179483529831727785732CU16 successfully. HTTP 202.
[ 2026-08-25 11:06:44.778 ] [ INFO ] Resubmitting 08584140196594597249716339116CU03. Attempt 1.
[ 2026-08-25 11:06:49.472 ] [ INFO ] Submitted 08584140196594597249716339116CU03 successfully. HTTP 202.
[ 2026-08-25 11:06:50.502 ] [ INFO ] Resubmitting 08584140201451635809272768779CU08. Attempt 1.
[ 2026-08-25 11:06:54.990 ] [ INFO ] Submitted 08584140201451635809272768779CU08 successfully. HTTP 202.
[ 2026-08-25 11:06:56.020 ] [ INFO ] Resubmitting 08584140202810762809303633535CU31. Attempt 1.
[ 2026-08-25 11:07:00.950 ] [ INFO ] Submitted 08584140202810762809303633535CU31 successfully. HTTP 202.
[ 2026-08-25 11:07:01.967 ] [ INFO ] Resubmitting 08584140208725100212310964741CU27. Attempt 1.
[ 2026-08-25 11:07:06.545 ] [ INFO ] Submitted 08584140208725100212310964741CU27 successfully. HTTP 202.
[ 2026-08-25 11:07:07.568 ] [ INFO ] Resubmitting 08584140214329990421054495149cU14. Attempt 1.
[ 2026-08-25 11:07:11.996 ] [ INFO ] Submitted 08584140214329990421054495149cU14 successfully. HTTP 202.
[ 2026-08-25 11:07:13.015 ] [ INFO ] Resubmitting 08584140214329990422054495149CU19. Attempt 1.
[ 2026-08-25 11:07:17.779 ] [ INFO ] Submitted 08584140214329990422054495149CU19 successfully. HTTP 202.
[ 2026-08-25 11:07:18.795 ] [ INFO ] Resubmitting 08584140239182372847686285571CU11. Attempt 1.
[ 2026-08-25 11:07:23.906 ] [ INFO ] Submitted 08584140239182372847686285571CU11 successfully. HTTP 202.
[ 2026-08-25 11:07:24.932 ] [ INFO ] Resubmitting 08584140256267546359672113645CU09. Attempt 1.
[ 2026-08-25 11:07:29.452 ] [ INFO ] Submitted 08584140256267546359672113645CU09 successfully. HTTP 202.
[ 2026-08-25 11:07:30.468 ] [ INFO ] Resubmitting 08584140259146233945989566987cU14. Attempt 1.
[ 2026-08-25 11:07:35.761 ] [ INFO ] Submitted 08584140259146233945989566987cU14 successfully. HTTP 202.
[ 2026-08-25 11:07:36.781 ] [ INFO ] Resubmitting 08584140264444855384654487029CU16. Attempt 1.
[ 2026-08-25 11:07:41.809 ] [ INFO ] Submitted 08584140264444855384654487029CU16 successfully. HTTP 202.
[ 2026-08-25 11:07:42.826 ] [ INFO ] Resubmitting 08584140275911450834176268683CU16. Attempt 1.
[ 2026-08-25 11:07:47.507 ] [ INFO ] Submitted 08584140275911450834176268683CU16 successfully. HTTP 202.
[ 2026-08-25 11:07:48.525 ] [ INFO ] Resubmitting 08584140277884927595871412172CU05. Attempt 1.
[ 2026-08-25 11:07:53.007 ] [ INFO ] Submitted 08584140277884927595871412172CU05 successfully. HTTP 202.
[ 2026-08-25 11:07:54.051 ] [ INFO ] Resubmitting 08584140287582808135237595574CU05. Attempt 1.
[ 2026-08-25 11:07:58.534 ] [ INFO ] Submitted 08584140287582808135237595574CU05 successfully. HTTP 202.
[ 2026-08-25 11:07:59.573 ] [ INFO ] Resubmitting 08584140300724165144825346452CU13. Attempt 1.
[ 2026-08-25 11:08:04.038 ] [ INFO ] Submitted 08584140300724165144825346452CU13 successfully. HTTP 202.
[ 2026-08-25 11:08:05.067 ] [ INFO ] Resubmitting 08584140335823358750511242046CU16. Attempt 1.
[ 2026-08-25 11:08:10.787 ] [ INFO ] Submitted 08584140335823358750511242046CU16 successfully. HTTP 202.
[ 2026-08-25 11:08:11.812 ] [ INFO ] Resubmitting 08584140629952899476361998419CU15. Attempt 1.
[ 2026-08-25 11:08:17.155 ] [ INFO ] Submitted 08584140629952899476361998419CU15 successfully. HTTP 202.
[ 2026-08-25 11:08:18.177 ] [ INFO ] Resubmitting 08584140746735501763185337750CU18. Attempt 1.
[ 2026-08-25 11:08:22.883 ] [ INFO ] Submitted 08584140746735501763185337750CU18 successfully. HTTP 202.
[ 2026-08-25 11:08:23.918 ] [ INFO ] Resubmitting 08584141139667221775288099428CU09. Attempt 1.
[ 2026-08-25 11:08:28.447 ] [ INFO ] Submitted 08584141139667221775288099428CU09 successfully. HTTP 202.
[ 2026-08-25 11:08:29.470 ] [ INFO ] Resubmitting 08584141171758473634456968255CU10. Attempt 1.
[ 2026-08-25 11:08:33.937 ] [ INFO ] Submitted 08584141171758473634456968255CU10 successfully. HTTP 202.
[ 2026-08-25 11:08:34.963 ] [ INFO ] Resubmitting 08584141518469997868287770694CU25. Attempt 1.
[ 2026-08-25 11:08:39.464 ] [ INFO ] Submitted 08584141518469997868287770694CU25 successfully. HTTP 202.
[ 2026-08-25 11:08:40.500 ] [ INFO ] Resubmitting 08584141581752635713750470666CU30. Attempt 1.
[ 2026-08-25 11:08:45.038 ] [ INFO ] Submitted 08584141581752635713750470666CU30 successfully. HTTP 202.
[ 2026-08-25 11:08:46.087 ] [ INFO ] Resubmitting 08584141699857581778573248538CU19. Attempt 1.
[ 2026-08-25 11:08:50.526 ] [ INFO ] Submitted 08584141699857581778573248538CU19 successfully. HTTP 202.
[ 2026-08-25 11:08:51.567 ] [ INFO ] Resubmitting 08584141750930090748854686335CU03. Attempt 1.
[ 2026-08-25 11:08:56.424 ] [ INFO ] Submitted 08584141750930090748854686335CU03 successfully. HTTP 202.
[ 2026-08-25 11:08:57.453 ] [ INFO ] Resubmitting 08584141821303351262557440988CU29. Attempt 1.
[ 2026-08-25 11:09:02.032 ] [ INFO ] Submitted 08584141821303351262557440988CU29 successfully. HTTP 202.
[ 2026-08-25 11:09:03.049 ] [ INFO ] Resubmitting 08584141833649044453534034286CU09. Attempt 1.
[ 2026-08-25 11:09:07.650 ] [ INFO ] Submitted 08584141833649044453534034286CU09 successfully. HTTP 202.
[ 2026-08-25 11:09:08.674 ] [ INFO ] Resubmitting 08584141901474169466188304430CU21. Attempt 1.
[ 2026-08-25 11:09:13.325 ] [ INFO ] Submitted 08584141901474169466188304430CU21 successfully. HTTP 202.
[ 2026-08-25 11:09:14.360 ] [ INFO ] Resubmitting 08584141920628823788877673426CU28. Attempt 1.
[ 2026-08-25 11:09:18.762 ] [ INFO ] Submitted 08584141920628823788877673426CU28 successfully. HTTP 202.
[ 2026-08-25 11:09:19.795 ] [ INFO ] Resubmitting 08584141950791075728218318584CU18. Attempt 1.
[ 2026-08-25 11:09:24.376 ] [ INFO ] Submitted 08584141950791075728218318584CU18 successfully. HTTP 202.
[ 2026-08-25 11:09:25.410 ] [ INFO ] Resubmitting 08584142019819902991182672022CU08. Attempt 1.
[ 2026-08-25 11:09:30.021 ] [ INFO ] Submitted 08584142019819902991182672022CU08 successfully. HTTP 202.
[ 2026-08-25 11:09:31.060 ] [ INFO ] Resubmitting 08584142123666568139253973093CU24. Attempt 1.
[ 2026-08-25 11:09:35.683 ] [ INFO ] Submitted 08584142123666568139253973093CU24 successfully. HTTP 202.
[ 2026-08-25 11:09:36.723 ] [ INFO ] Resubmitting 08584142201866884715685225255CU29. Attempt 1.
[ 2026-08-25 11:09:41.437 ] [ INFO ] Submitted 08584142201866884715685225255CU29 successfully. HTTP 202.
[ 2026-08-25 11:09:42.462 ] [ INFO ] Resubmitting 08584142401618656692499226236CU03. Attempt 1.
[ 2026-08-25 11:09:47.303 ] [ INFO ] Submitted 08584142401618656692499226236CU03 successfully. HTTP 202.
[ 2026-08-25 11:09:48.326 ] [ INFO ] Resubmitting 08584142408397975604878873741CU16. Attempt 1.
[ 2026-08-25 11:09:53.004 ] [ INFO ] Submitted 08584142408397975604878873741CU16 successfully. HTTP 202.
[ 2026-08-25 11:09:54.029 ] [ INFO ] Resubmitting 08584142415779521802251067515CU29. Attempt 1.
[ 2026-08-25 11:09:58.729 ] [ INFO ] Submitted 08584142415779521802251067515CU29 successfully. HTTP 202.
[ 2026-08-25 11:09:59.753 ] [ INFO ] Resubmitting 08584142471838259566271040512CU01. Attempt 1.
[ 2026-08-25 11:10:04.398 ] [ INFO ] Submitted 08584142471838259566271040512CU01 successfully. HTTP 202.
[ 2026-08-25 11:10:05.416 ] [ INFO ] Resubmitting 08584142545319974873455910865CU13. Attempt 1.
[ 2026-08-25 11:10:10.031 ] [ INFO ] Submitted 08584142545319974873455910865CU13 successfully. HTTP 202.
[ 2026-08-25 11:10:11.060 ] [ INFO ] Resubmitting 08584142550292074894432602083CU29. Attempt 1.
[ 2026-08-25 11:10:15.723 ] [ INFO ] Submitted 08584142550292074894432602083CU29 successfully. HTTP 202.
[ 2026-08-25 11:10:16.739 ] [ INFO ] Resubmitting 08584142577457443621017270755CU29. Attempt 1.
[ 2026-08-25 11:10:21.414 ] [ INFO ] Submitted 08584142577457443621017270755CU29 successfully. HTTP 202.
[ 2026-08-25 11:10:22.447 ] [ INFO ] Resubmitting 08584142578973473643561851512CU22. Attempt 1.
[ 2026-08-25 11:10:26.927 ] [ INFO ] Submitted 08584142578973473643561851512CU22 successfully. HTTP 202.
[ 2026-08-25 11:10:27.952 ] [ INFO ] Resubmitting 08584142583661520359449790024CU30. Attempt 1.
[ 2026-08-25 11:10:32.362 ] [ INFO ] Submitted 08584142583661520359449790024CU30 successfully. HTTP 202.
[ 2026-08-25 11:10:33.387 ] [ INFO ] Resubmitting 08584142586225028467423451875CU24. Attempt 1.
[ 2026-08-25 11:10:37.814 ] [ INFO ] Submitted 08584142586225028467423451875CU24 successfully. HTTP 202.
[ 2026-08-25 11:10:38.850 ] [ INFO ] Resubmitting 08584142597853365404850271897CU04. Attempt 1.
[ 2026-08-25 11:10:43.208 ] [ INFO ] Submitted 08584142597853365404850271897CU04 successfully. HTTP 202.
[ 2026-08-25 11:10:44.239 ] [ INFO ] Resubmitting 08584142599215435035518205968CU22. Attempt 1.
[ 2026-08-25 11:10:48.957 ] [ INFO ] Submitted 08584142599215435035518205968CU22 successfully. HTTP 202.
[ 2026-08-25 11:10:49.994 ] [ INFO ] Resubmitting 08584142615269868924421031018CU15. Attempt 1.
[ 2026-08-25 11:10:54.343 ] [ INFO ] Submitted 08584142615269868924421031018CU15 successfully. HTTP 202.
[ 2026-08-25 11:10:55.369 ] [ INFO ] Resubmitting 08584142616788426727387385633CU04. Attempt 1.
[ 2026-08-25 11:10:59.883 ] [ INFO ] Submitted 08584142616788426727387385633CU04 successfully. HTTP 202.
[ 2026-08-25 11:11:00.906 ] [ INFO ] Resubmitting 08584142618907237466061927260CU31. Attempt 1.
[ 2026-08-25 11:11:05.349 ] [ INFO ] Submitted 08584142618907237466061927260CU31 successfully. HTTP 202.
[ 2026-08-25 11:11:06.370 ] [ INFO ] Resubmitting 08584142629967070876941342784CU31. Attempt 1.
[ 2026-08-25 11:11:11.245 ] [ INFO ] Submitted 08584142629967070876941342784CU31 successfully. HTTP 202.
[ 2026-08-25 11:11:12.268 ] [ INFO ] Resubmitting 08584142632688131199449240148CU30. Attempt 1.
[ 2026-08-25 11:11:17.115 ] [ INFO ] Submitted 08584142632688131199449240148CU30 successfully. HTTP 202.
[ 2026-08-25 11:11:18.144 ] [ INFO ] Recovery pass complete. Submitted=110 Failed=0 Uncertain=0 Pending=0
